[themejunction.net/html/gerold/demo/index-3.html]
[backblue.gif]
[fade.gif]
[index.html]
[themejunction.net/html/gerold/demo/assets/img/favicon.png]
[themejunction.net/html/gerold/demo/assets/css/animate.min.css]
[themejunction.net/html/gerold/demo/assets/css/bootstrap.min.css]
[themejunction.net/html/gerold/demo/assets/css/font-awesome-pro.min.css]
[themejunction.net/html/gerold/demo/assets/css/flaticon_gerold.css]
[themejunction.net/html/gerold/demo/assets/css/nice-select.css]
[themejunction.net/html/gerold/demo/assets/css/backToTop.css]
[themejunction.net/html/gerold/demo/assets/css/owl.carousel.min.css]
[themejunction.net/html/gerold/demo/assets/css/swiper.min.css]
[themejunction.net/html/gerold/demo/assets/css/odometer-theme-default.css]
[themejunction.net/html/gerold/demo/assets/css/magnific-popup.css]
[themejunction.net/html/gerold/demo/assets/css/main.css]
[themejunction.net/html/gerold/demo/assets/css/main-2.css]
[themejunction.net/html/gerold/demo/assets/css/main-3.css]
[themejunction.net/html/gerold/demo/assets/css/light-mode.css]
[themejunction.net/html/gerold/demo/assets/css/meanmenu.css]
[themejunction.net/html/gerold/demo/assets/css/responsive.css]
[themejunction.net/html/gerold/demo/assets/css/responsive-2.css]
[themejunction.net/html/gerold/demo/assets/css/responsive-3.css]
[themejunction.net/html/gerold/demo/index.html]
[themejunction.net/html/gerold/demo/assets/img/logo/logo.png]
[themejunction.net/html/gerold/demo/index-2.html]
[themejunction.net/html/gerold/demo/index-4.html]
[themejunction.net/html/gerold/demo/index-5.html]
[themejunction.net/html/gerold/demo/index-6.html]
[themejunction.net/html/gerold/demo/index-7.html]
[themejunction.net/html/gerold/demo/index-8.html]
[themejunction.net/html/gerold/demo/index-9.html]
[themejunction.net/html/gerold/demo/index-10.html]
[themejunction.net/html/gerold/demo/index-light.html]
[themejunction.net/html/gerold/demo/index-2-light.html]
[themejunction.net/html/gerold/demo/index-3-light.html]
[themejunction.net/html/gerold/demo/index-4-light.html]
[themejunction.net/html/gerold/demo/index-5-light.html]
[themejunction.net/html/gerold/demo/index-6-light.html]
[themejunction.net/html/gerold/demo/index-7-light.html]
[themejunction.net/html/gerold/demo/index-8-light.html]
[themejunction.net/html/gerold/demo/index-9-light.html]
[themejunction.net/html/gerold/demo/index-10-light.html]
[themejunction.net/html/gerold/demo/about.html]
[themejunction.net/html/gerold/demo/services.html]
[themejunction.net/html/gerold/demo/portfolio.html]
[themejunction.net/html/gerold/demo/blog.html]
[themejunction.net/html/gerold/demo/blog-details.html]
[themejunction.net/html/gerold/demo/contact.html]
[themejunction.net/html/gerold/demo/assets/img/hero/me.png]
[themejunction.net/html/gerold/demo/assets/img/icons/star.svg]
[themejunction.net/html/gerold/demo/assets/img/project/project-5.png]
[themejunction.net/html/gerold/demo/assets/img/portfolio/1.jpg]
[themejunction.net/html/gerold/demo/assets/img/portfolio/4.jpg]
[themejunction.net/html/gerold/demo/assets/img/portfolio/3.jpg]
[themejunction.net/html/gerold/demo/assets/img/portfolio/modal-img.jpg]
[themejunction.net/html/gerold/demo/assets/img/portfolio-gallery/p-gallery-1.jpg]
[themejunction.net/html/gerold/demo/assets/img/portfolio-gallery/p-gallery-2.jpg]
[themejunction.net/html/gerold/demo/assets/img/portfolio-gallery/p-gallery-3.jpg]
[themejunction.net/html/gerold/demo/assets/img/portfolio-gallery/p-gallery-4.jpg]
[themejunction.net/html/gerold/demo/assets/img/icons/service-1.svg]
[themejunction.net/html/gerold/demo/assets/img/icons/service-2.svg]
[themejunction.net/html/gerold/demo/assets/img/icons/service-3.svg]
[themejunction.net/html/gerold/demo/assets/img/icons/service-4.svg]
[themejunction.net/html/gerold/demo/assets/img/services/modal-img.jpg]
[themejunction.net/html/gerold/demo/assets/img/icons/skills-7.svg]
[themejunction.net/html/gerold/demo/assets/img/icons/skills-8.svg]
[themejunction.net/html/gerold/demo/assets/img/icons/skills-9.svg]
[themejunction.net/html/gerold/demo/assets/img/icons/skills-10.svg]
[themejunction.net/html/gerold/demo/assets/img/icons/skills-11.svg]
[themejunction.net/html/gerold/demo/assets/img/icons/skills-12.svg]
[themejunction.net/html/gerold/demo/assets/img/testimonials/logo/1.png]
[themejunction.net/html/gerold/demo/assets/img/testimonials/user/1.jpg]
[themejunction.net/html/gerold/demo/assets/img/testimonials/user/2.jpg]
[themejunction.net/html/gerold/demo/assets/js/jquery.min.js]
[themejunction.net/html/gerold/demo/assets/js/bootstrap.bundle.min.js]
[themejunction.net/html/gerold/demo/assets/js/gsap.min.js]
[themejunction.net/html/gerold/demo/assets/js/gsap-scroll-to-plugin.min.js]
[themejunction.net/html/gerold/demo/assets/js/gsap-scroll-trigger.min.js]
[themejunction.net/html/gerold/demo/assets/js/gsap-split-text.min.js]
[themejunction.net/html/gerold/demo/assets/js/lenis.min.js]
[themejunction.net/html/gerold/demo/assets/js/nice-select.min.js]
[themejunction.net/html/gerold/demo/assets/js/backToTop.js]
[themejunction.net/html/gerold/demo/assets/js/appear.min.js]
[themejunction.net/html/gerold/demo/assets/js/wow.min.js]
[themejunction.net/html/gerold/demo/assets/js/lightcase.js]
[themejunction.net/html/gerold/demo/assets/js/owl.carousel.min.js]
[themejunction.net/html/gerold/demo/assets/js/swiper.min.js]
[themejunction.net/html/gerold/demo/assets/js/imagesloaded-pkgd.js]
[themejunction.net/html/gerold/demo/assets/js/isotope.pkgd.min.js]
[themejunction.net/html/gerold/demo/assets/js/odometer.min.js]
[themejunction.net/html/gerold/demo/assets/js/magnific-popup.js]
[themejunction.net/html/gerold/demo/assets/js/validate.min.js]
[themejunction.net/html/gerold/demo/assets/js/meanmenu.js]
[themejunction.net/html/gerold/demo/index-3.html]
[themejunction.net/html/gerold/demo/assets/css/animate.min.css]
[themejunction.net/html/gerold/demo/assets/css/bootstrap.min.css]
[themejunction.net/html/gerold/demo/assets/js/main.js]
[themejunction.net/html/gerold/demo/assets/fonts/fa-sharp-light-300.woff2]
[themejunction.net/html/gerold/demo/assets/fonts/fa-sharp-light-300.ttf]
[themejunction.net/html/gerold/demo/assets/fonts/fa-sharp-regular-400.woff2]
[themejunction.net/html/gerold/demo/assets/fonts/fa-sharp-regular-400.ttf]
[themejunction.net/html/gerold/demo/assets/fonts/fa-sharp-solid-900.woff2]
[themejunction.net/html/gerold/demo/assets/fonts/fa-sharp-solid-900.ttf]
[themejunction.net/html/gerold/demo/assets/fonts/fa-brands-400.woff2]
[themejunction.net/html/gerold/demo/assets/fonts/fa-brands-400.ttf]
[themejunction.net/html/gerold/demo/assets/fonts/fa-duotone-900.woff2]
[themejunction.net/html/gerold/demo/assets/fonts/fa-duotone-900.ttf]
[themejunction.net/html/gerold/demo/assets/fonts/fa-light-300.woff2]
[themejunction.net/html/gerold/demo/assets/fonts/fa-light-300.ttf]
[themejunction.net/html/gerold/demo/assets/fonts/fa-regular-400.woff2]
[themejunction.net/html/gerold/demo/assets/fonts/fa-regular-400.ttf]
[themejunction.net/html/gerold/demo/assets/fonts/fa-solid-900.woff2]
[themejunction.net/html/gerold/demo/assets/fonts/fa-thin-100.woff2]
[themejunction.net/html/gerold/demo/assets/fonts/fa-solid-900.ttf]
[themejunction.net/html/gerold/demo/assets/fonts/fa-v4compatibility.woff2]
[themejunction.net/html/gerold/demo/assets/fonts/fa-thin-100.ttf]
[themejunction.net/html/gerold/demo/assets/css/font-awesome-pro.min.css]
[themejunction.net/html/gerold/demo/assets/fonts/fa-v4compatibility.ttf]
[themejunction.net/html/gerold/demo/assets/fonts/flaticon_geroldd88e.woff2]
[themejunction.net/html/gerold/demo/assets/fonts/flaticon_geroldd88e.woff]
[themejunction.net/html/gerold/demo/assets/fonts/flaticon_geroldd88e.eot]
[themejunction.net/html/gerold/demo/assets/fonts/flaticon_geroldd88e.ttf]
[themejunction.net/html/gerold/demo/assets/css/flaticon_gerold.css]
[themejunction.net/html/gerold/demo/assets/css/nice-select.css]
[themejunction.net/html/gerold/demo/assets/css/backToTop.css]
[themejunction.net/html/gerold/demo/assets/fonts/flaticon_geroldd88e.svg]
[themejunction.net/html/gerold/demo/assets/css/owl.video.play.png]
[themejunction.net/html/gerold/demo/assets/css/owl.carousel.min.css]
[themejunction.net/html/gerold/demo/assets/css/swiper.min.css]
[themejunction.net/html/gerold/demo/assets/css/odometer-theme-default.css]
[themejunction.net/html/gerold/demo/assets/css/magnific-popup.css]
[themejunction.net/html/gerold/demo/assets/img/icons/down-arrow.svg]
[themejunction.net/html/gerold/demo/assets/css/main.css]
[themejunction.net/html/gerold/demo/assets/css/main-2.css]
[themejunction.net/html/gerold/demo/assets/css/main-3.css]
[themejunction.net/html/gerold/demo/assets/img/icons/down-arrow-light.svg]
[themejunction.net/html/gerold/demo/assets/css/light-mode.css]
[themejunction.net/html/gerold/demo/assets/css/meanmenu.css]
[themejunction.net/html/gerold/demo/assets/css/responsive.css]
[themejunction.net/html/gerold/demo/assets/css/responsive-2.css]
[themejunction.net/html/gerold/demo/assets/css/responsive-3.css]
[themejunction.net/html/gerold/demo/assets/img/portfolio/2.jpg]
[themejunction.net/html/gerold/demo/assets/img/icons/skills-1.svg]
[themejunction.net/html/gerold/demo/assets/img/icons/skills-2.svg]
[themejunction.net/html/gerold/demo/assets/img/icons/skills-3.svg]
[themejunction.net/html/gerold/demo/assets/img/icons/webflow-1.svg]
[themejunction.net/html/gerold/demo/assets/img/icons/react.svg]
[themejunction.net/html/gerold/demo/assets/img/testimonials/logo/2.png]
[themejunction.net/html/gerold/demo/assets/img/blog/1.jpg]
[themejunction.net/html/gerold/demo/assets/img/blog/2.jpg]
[themejunction.net/html/gerold/demo/assets/img/blog/3.jpg]
[themejunction.net/html/gerold/demo/index.html]
[themejunction.net/html/gerold/demo/assets/img/hero/hero-2.png]
[themejunction.net/html/gerold/demo/assets/img/hero/about-1.png]
[themejunction.net/html/gerold/demo/assets/img/project/project-1.png]
[themejunction.net/html/gerold/demo/assets/img/project/project-2.png]
[themejunction.net/html/gerold/demo/assets/img/project/project-3.png]
[themejunction.net/html/gerold/demo/assets/img/project/project-4.png]
[themejunction.net/html/gerold/demo/assets/img/testimonials/user/1.png]
[themejunction.net/html/gerold/demo/assets/img/brand/brand-1.png]
[themejunction.net/html/gerold/demo/assets/img/brand/brand-2.png]
[themejunction.net/html/gerold/demo/assets/img/brand/brand-4.png]
[themejunction.net/html/gerold/demo/assets/img/brand/brand-5.png]
[themejunction.net/html/gerold/demo/assets/img/brand/brand-6.png]
[themejunction.net/html/gerold/demo/index-2.html]
[themejunction.net/html/gerold/demo/assets/css/gerold-core.css]
[themejunction.net/html/gerold/demo/assets/img/hero/hero-4-thumb.jpg]
[themejunction.net/html/gerold/demo/assets/img/hero/hero-4-review-img1.png]
[themejunction.net/html/gerold/demo/assets/img/hero/hero-4-review-img2.png]
[themejunction.net/html/gerold/demo/assets/img/hero/hero-4-review-img3.png]
[themejunction.net/html/gerold/demo/assets/img/hero/hero-4-review-img4.png]
[themejunction.net/html/gerold/demo/assets/img/about/country.png]
[themejunction.net/html/gerold/demo/assets/img/icons/h4-work-1.png]
[themejunction.net/html/gerold/demo/assets/img/icons/h4-work-2.png]
[themejunction.net/html/gerold/demo/assets/img/icons/h4-work-3.png]
[themejunction.net/html/gerold/demo/assets/img/icons/h4-work-4.png]
[themejunction.net/html/gerold/demo/assets/img/icons/h4-work-5.png]
[themejunction.net/html/gerold/demo/assets/img/icons/h4-work-6.png]
[themejunction.net/html/gerold/demo/assets/img/icons/h4-work-7.png]
[themejunction.net/html/gerold/demo/assets/img/icons/h4-work-8.png]
[themejunction.net/html/gerold/demo/assets/img/icons/h4-work-9.png]
[themejunction.net/html/gerold/demo/assets/img/icons/figma.svg]
[themejunction.net/html/gerold/demo/assets/img/icons/sketch.svg]
[themejunction.net/html/gerold/demo/assets/img/icons/xd.svg]
[themejunction.net/html/gerold/demo/assets/img/icons/wp.svg]
[themejunction.net/html/gerold/demo/assets/img/shapes/h4-fun.jpg]
[themejunction.net/html/gerold/demo/assets/img/testimonials/user/h4-test.png]
[themejunction.net/html/gerold/demo/assets/img/shapes/h4-cta.jpg]
[themejunction.net/html/gerold/demo/assets/img/project/h4-cta.png]
[themejunction.net/html/gerold/demo/assets/js/vanilla-tilt.min.js]
[themejunction.net/html/gerold/demo/index-4.html]
[themejunction.net/html/gerold/demo/assets/js/tj-cursor.js]
[themejunction.net/html/gerold/demo/assets/img/logo/logo-5.png]
[themejunction.net/html/gerold/demo/assets/img/hero/hero-4-subtitle-hand.svg]
[themejunction.net/html/gerold/demo/assets/img/hero/hero-5-thumb.png]
[themejunction.net/html/gerold/demo/assets/img/roll/roll-img1.png]
[themejunction.net/html/gerold/demo/assets/img/roll/roll-img2.png]
[themejunction.net/html/gerold/demo/assets/img/roll/roll-img3.png]
[themejunction.net/html/gerold/demo/assets/img/roll/roll-img4.png]
[themejunction.net/html/gerold/demo/assets/img/roll/roll-img5.png]
[themejunction.net/html/gerold/demo/assets/img/roll/roll-img6.png]
[themejunction.net/html/gerold/demo/assets/img/roll/roll-img7.png]
[themejunction.net/html/gerold/demo/assets/img/roll/roll-img8.png]
[themejunction.net/html/gerold/demo/assets/img/counter/couner-5-shape-1.png]
[themejunction.net/html/gerold/demo/assets/img/counter/couner-5-shape-2.png]
[themejunction.net/html/gerold/demo/assets/img/faq/faq-5-thumb1.jpg]
[themejunction.net/html/gerold/demo/assets/img/faq/faq-5-thumb2.jpg]
[themejunction.net/html/gerold/demo/assets/img/faq/faq-5-thumb3.jpg]
[themejunction.net/html/gerold/demo/assets/img/faq/faq-5-thumb4.jpg]
[themejunction.net/html/gerold/demo/assets/img/shapes/h5-progress-2.png]
[themejunction.net/html/gerold/demo/assets/img/icons/webflow.svg]
[themejunction.net/html/gerold/demo/assets/img/shapes/h5-progress-1.png]
[themejunction.net/html/gerold/demo/assets/img/testimonials/user/h5-test-1.png]
[themejunction.net/html/gerold/demo/assets/img/testimonials/user/h5-test-2.png]
[themejunction.net/html/gerold/demo/assets/img/project/h5-cta.png]
[themejunction.net/html/gerold/demo/index-5.html]
[themejunction.net/html/gerold/demo/assets/img/shapes/h6-hero-shapes.png]
[themejunction.net/html/gerold/demo/assets/img/hero/h6-hero-1.png]
[themejunction.net/html/gerold/demo/assets/img/hero/h6-hero-2.png]
[themejunction.net/html/gerold/demo/assets/img/about/h6-about.jpg]
[themejunction.net/html/gerold/demo/assets/img/portfolio/portfolio-6-1.jpg]
[themejunction.net/html/gerold/demo/assets/img/portfolio/portfolio-6-2.jpg]
[themejunction.net/html/gerold/demo/assets/img/portfolio/portfolio-6-3.jpg]
[themejunction.net/html/gerold/demo/assets/img/icons/service-6-icon1.svg]
[themejunction.net/html/gerold/demo/assets/img/icons/service-6-icon2.svg]
[themejunction.net/html/gerold/demo/assets/img/icons/service-6-icon3.svg]
[themejunction.net/html/gerold/demo/assets/img/icons/star-6.svg]
[themejunction.net/html/gerold/demo/assets/img/icons/h5-resume-1.png]
[themejunction.net/html/gerold/demo/assets/img/icons/h5-resume-2.png]
[themejunction.net/html/gerold/demo/assets/img/icons/h5-resume-3.png]
[themejunction.net/html/gerold/demo/assets/img/icons/h5-resume-4.png]
[themejunction.net/html/gerold/demo/index-6.html]
[themejunction.net/html/gerold/demo/assets/img/hero/hero-7-bg.svg]
[themejunction.net/html/gerold/demo/assets/img/hero/hero-7-thumb.png]
[themejunction.net/html/gerold/demo/assets/img/feature/feature-7-thum1.png]
[themejunction.net/html/gerold/demo/assets/img/feature/feature-7-thumb.jpg]
[themejunction.net/html/gerold/demo/assets/img/icons/service-7-icon1.svg]
[themejunction.net/html/gerold/demo/assets/img/icons/service-7-icon2.svg]
[themejunction.net/html/gerold/demo/assets/img/icons/service-7-icon3.svg]
[themejunction.net/html/gerold/demo/assets/img/icons/progress-7-icon1.svg]
[themejunction.net/html/gerold/demo/assets/img/icons/progress-7-icon2.svg]
[themejunction.net/html/gerold/demo/assets/img/icons/progress-7-icon3.svg]
[themejunction.net/html/gerold/demo/assets/img/icons/progress-7-icon4.svg]
[themejunction.net/html/gerold/demo/assets/img/testimonials/user/testmonial-7-thumb.jpg]
[themejunction.net/html/gerold/demo/assets/img/testimonials/user/h10-test.png]
[themejunction.net/html/gerold/demo/assets/img/blog/blog-7-thumb1.jpg]
[themejunction.net/html/gerold/demo/assets/img/blog/blog-7-thumb2.jpg]
[themejunction.net/html/gerold/demo/assets/img/blog/blog-7-thumb3.jpg]
[themejunction.net/html/gerold/demo/index-7.html]
[themejunction.net/html/gerold/demo/assets/js/masonry.min.js]
[themejunction.net/html/gerold/demo/assets/css/venobox.min.css]
[themejunction.net/html/gerold/demo/assets/img/shapes/hero_8.svg]
[themejunction.net/html/gerold/demo/assets/img/icons/hero-h8-1.png]
[themejunction.net/html/gerold/demo/assets/img/hero/hero8-1.png]
[themejunction.net/html/gerold/demo/assets/img/hero/hero8-2.png]
[themejunction.net/html/gerold/demo/assets/img/icons/hero-h8-2.png]
[themejunction.net/html/gerold/demo/assets/img/icons/hero-h8-3.png]
[themejunction.net/html/gerold/demo/assets/img/about/ab-8-images.png]
[themejunction.net/html/gerold/demo/assets/img/shapes/ab-8-shapes.png]
[themejunction.net/html/gerold/demo/assets/img/testimonials/user/h8-test-1.png]
[themejunction.net/html/gerold/demo/assets/img/testimonials/user/h8-test-2.png]
[themejunction.net/html/gerold/demo/index-8.html]
[themejunction.net/html/gerold/demo/assets/js/venobox.min.js]
[themejunction.net/html/gerold/demo/assets/img/logo/logo-9.png]
[themejunction.net/html/gerold/demo/assets/img/hero/hero-9-thumb.png]
[themejunction.net/html/gerold/demo/assets/img/icons/hero-9-pointer.svg]
[themejunction.net/html/gerold/demo/assets/img/icons/progess-9-icon1.svg]
[themejunction.net/html/gerold/demo/assets/img/icons/progess-9-icon2.svg]
[themejunction.net/html/gerold/demo/assets/img/icons/progess-9-icon3.svg]
[themejunction.net/html/gerold/demo/assets/img/icons/progess-9-icon4.svg]
[themejunction.net/html/gerold/demo/assets/img/about/about-9-thumb.jpg]
[themejunction.net/html/gerold/demo/assets/img/project/project-9-thumb1.jpg]
[themejunction.net/html/gerold/demo/assets/img/project/project-9-thumb2.jpg]
[themejunction.net/html/gerold/demo/assets/img/project/project-9-thumb3.jpg]
[themejunction.net/html/gerold/demo/assets/img/testimonials/user/testi-9-thumb.png]
[themejunction.net/html/gerold/demo/assets/img/footer/footer-9-bg.jpg]
[themejunction.net/html/gerold/demo/assets/img/logo/logo-9-black.png]
[themejunction.net/html/gerold/demo/index-9.html]
[themejunction.net/html/gerold/demo/assets/img/hero/hero-10.png]
[themejunction.net/html/gerold/demo/assets/img/services/services-10-images.png]
[themejunction.net/html/gerold/demo/assets/img/icons/services-10-icons-1.svg]
[themejunction.net/html/gerold/demo/assets/img/icons/services-10-icons-2.svg]
[themejunction.net/html/gerold/demo/assets/img/icons/services-10-icons-3.svg]
[themejunction.net/html/gerold/demo/assets/img/shapes/cta-10-shapes.png]
[themejunction.net/html/gerold/demo/assets/img/cta/cta-10-img-1.png]
[themejunction.net/html/gerold/demo/assets/img/cta/cta-10-img-2.png]
[themejunction.net/html/gerold/demo/assets/img/cta/cta-10-img-3.png]
[themejunction.net/html/gerold/demo/index-10.html]
[themejunction.net/html/gerold/demo/assets/img/logo/logo-dark.png]
[themejunction.net/html/gerold/demo/about-light.html]
[themejunction.net/html/gerold/demo/services-light.html]
[themejunction.net/html/gerold/demo/portfolio-light.html]
[themejunction.net/html/gerold/demo/blog-light.html]
[themejunction.net/html/gerold/demo/blog-details-light.html]
[themejunction.net/html/gerold/demo/contact-light.html]
[themejunction.net/html/gerold/demo/assets/img/testimonials/logo/1-dark.png]
[themejunction.net/html/gerold/demo/assets/img/testimonials/logo/2-dark.png]
[themejunction.net/html/gerold/demo/index-light.html]
[themejunction.net/html/gerold/demo/assets/img/brand/brand-l-1.png]
[themejunction.net/html/gerold/demo/assets/img/brand/brand-l-2.png]
[themejunction.net/html/gerold/demo/assets/img/brand/brand-l-3.png]
[themejunction.net/html/gerold/demo/assets/img/brand/brand-l-4.png]
[themejunction.net/html/gerold/demo/assets/img/brand/brand-l-5.png]
[themejunction.net/html/gerold/demo/assets/img/brand/brand-l-6.png]
[themejunction.net/html/gerold/demo/index-2-light.html]
[themejunction.net/html/gerold/demo/index-3-light.html]
[themejunction.net/html/gerold/demo/index-4-light.html]
[themejunction.net/html/gerold/demo/assets/css/gerold-light-core.css]
[themejunction.net/html/gerold/demo/assets/img/hero/h5-hero-img.png]
[themejunction.net/html/gerold/demo/index-5-light.html]
[themejunction.net/html/gerold/demo/assets/img/brand/brand-dark-1.png]
[themejunction.net/html/gerold/demo/assets/img/brand/brand-dark-2.png]
[themejunction.net/html/gerold/demo/assets/img/brand/brand-dark-3.png]
[themejunction.net/html/gerold/demo/assets/img/brand/brand-dark-4.png]
[themejunction.net/html/gerold/demo/assets/img/brand/brand-dark-5.png]
[themejunction.net/html/gerold/demo/assets/img/brand/brand-dark-6.png]
[themejunction.net/html/gerold/demo/index-6-light.html]
[themejunction.net/html/gerold/demo/index-7-light.html]
[themejunction.net/html/gerold/demo/assets/img/shapes/light-shapes.svg]
[themejunction.net/html/gerold/demo/index-8-light.html]
[themejunction.net/html/gerold/demo/assets/img/brand/brand-dark-7.png]
[themejunction.net/html/gerold/demo/assets/img/brand/brand-dark-8.png]
[themejunction.net/html/gerold/demo/index-9-light.html]
[themejunction.net/html/gerold/demo/index-10-light.html]
[themejunction.net/html/gerold/demo/assets/img/breadcrumb/breadcrumb-bg.jpg]
[themejunction.net/html/gerold/demo/about.html]
[themejunction.net/html/gerold/demo/services.html]
[themejunction.net/html/gerold/demo/assets/img/icons/js.svg]
[themejunction.net/html/gerold/demo/portfolio.html]
[themejunction.net/html/gerold/demo/assets/img/blog/blog-4.jpg]
[themejunction.net/html/gerold/demo/assets/img/blog/blog-3.jpg]
[themejunction.net/html/gerold/demo/assets/img/blog/blog-2.jpg]
[themejunction.net/html/gerold/demo/assets/img/blog/blog-1.jpg]
[themejunction.net/html/gerold/demo/assets/img/blog/post-thumb-1.jpg]
[themejunction.net/html/gerold/demo/assets/img/blog/post-thumb-2.jpg]
[themejunction.net/html/gerold/demo/assets/img/blog/post-thumb-3.jpg]
[themejunction.net/html/gerold/demo/blog.html]
[themejunction.net/html/gerold/demo/assets/img/blog/user-1.jpg]
[themejunction.net/html/gerold/demo/assets/img/blog/user-2.jpg]
[themejunction.net/html/gerold/demo/assets/img/blog/user-3.jpg]
[themejunction.net/html/gerold/demo/assets/img/blog/user-4.jpg]
[themejunction.net/html/gerold/demo/blog-details.html]
[themejunction.net/html/gerold/demo/contact.html]
[themejunction.net/html/gerold/demo/assets/img/icons/star.svg]
[themejunction.net/html/gerold/demo/assets/img/icons/service-1.svg]
[themejunction.net/html/gerold/demo/assets/img/icons/service-2.svg]
[themejunction.net/html/gerold/demo/assets/img/icons/service-3.svg]
[themejunction.net/html/gerold/demo/assets/img/icons/service-4.svg]
[themejunction.net/html/gerold/demo/assets/img/icons/skills-7.svg]
[themejunction.net/html/gerold/demo/assets/img/icons/skills-8.svg]
[themejunction.net/html/gerold/demo/assets/img/icons/skills-9.svg]
[themejunction.net/html/gerold/demo/assets/img/icons/skills-10.svg]
[themejunction.net/html/gerold/demo/assets/img/icons/skills-11.svg]
[themejunction.net/html/gerold/demo/assets/img/icons/skills-12.svg]
[themejunction.net/html/gerold/demo/assets/js/jquery.min.js]
[themejunction.net/html/gerold/demo/assets/js/bootstrap.bundle.min.js]
[themejunction.net/html/gerold/demo/assets/js/gsap.min.js]
[themejunction.net/html/gerold/demo/assets/js/gsap-scroll-to-plugin.min.js]
[themejunction.net/html/gerold/demo/assets/js/gsap-scroll-trigger.min.js]
[themejunction.net/html/gerold/demo/assets/js/gsap-split-text.min.js]
[themejunction.net/html/gerold/demo/assets/js/lenis.min.js]
[themejunction.net/html/gerold/demo/assets/js/nice-select.min.js]
[themejunction.net/html/gerold/demo/assets/js/backToTop.js]
[themejunction.net/html/gerold/demo/assets/js/appear.min.js]
[themejunction.net/html/gerold/demo/assets/js/wow.min.js]
[themejunction.net/html/gerold/demo/assets/js/lightcase.js]
[themejunction.net/html/gerold/demo/assets/js/owl.carousel.min.js]
[themejunction.net/html/gerold/demo/${l}]
[themejunction.net/html/gerold/demo/e]
[themejunction.net/html/gerold/demo/t.params.url]
[themejunction.net/html/gerold/demo/assets/js/swiper.min.js]
[themejunction.net/html/gerold/demo/assets/js/imagesloaded-pkgd.js]
[themejunction.net/html/gerold/demo/assets/js/isotope.pkgd.min.js]
[themejunction.net/html/gerold/demo/assets/js/odometer.min.js]
[themejunction.net/html/gerold/demo/assets/js/magnific-popup.js]
[themejunction.net/html/gerold/demo/assets/js/validate.min.js]
[themejunction.net/html/gerold/demo/assets/js/meanmenu.js]
[themejunction.net/html/gerold/demo/assets/js/main.js]
[themejunction.net/html/gerold/demo/assets/fonts/flaticon_geroldd88e.svg]
[themejunction.net/html/gerold/demo/assets/css/owl.video.play.html]
[themejunction.net/html/gerold/demo/assets/img/icons/down-arrow.svg]
[themejunction.net/html/gerold/demo/assets/img/icons/down-arrow-light.svg]
[themejunction.net/html/gerold/demo/assets/img/icons/skills-1.svg]
[themejunction.net/html/gerold/demo/assets/img/icons/skills-2.svg]
[themejunction.net/html/gerold/demo/assets/img/icons/skills-3.svg]
[themejunction.net/html/gerold/demo/assets/img/icons/webflow-1.svg]
[themejunction.net/html/gerold/demo/assets/img/icons/react.svg]
[themejunction.net/html/gerold/demo/assets/img/icons/framer-1.svg]
[themejunction.net/html/gerold/demo/assets/img/hero/hero-4-line-shape.svg]
[themejunction.net/html/gerold/demo/assets/img/shapes/hero8-shapes.svg]
[themejunction.net/html/gerold/demo/assets/img/hero/hero-9-play-bg.svg]
[themejunction.net/html/gerold/demo/assets/img/hero/hero-9-play-bg-2.svg]
[themejunction.net/html/gerold/demo/assets/img/hero/mask-hero-10.png]
[themejunction.net/html/gerold/demo/assets/css/gerold-core.css]
[themejunction.net/html/gerold/demo/assets/img/icons/figma.svg]
[themejunction.net/html/gerold/demo/assets/img/icons/sketch.svg]
[themejunction.net/html/gerold/demo/assets/img/icons/xd.svg]
[themejunction.net/html/gerold/demo/assets/img/icons/wp.svg]
[themejunction.net/html/gerold/demo/assets/js/vanilla-tilt.min.js]
[themejunction.net/html/gerold/demo/assets/js/tj-cursor.js]
[themejunction.net/html/gerold/demo/assets/img/hero/hero-4-subtitle-hand.svg]
[themejunction.net/html/gerold/demo/assets/img/icons/webflow.svg]
[themejunction.net/html/gerold/demo/assets/img/icons/service-6-icon1.svg]
[themejunction.net/html/gerold/demo/assets/img/icons/service-6-icon2.svg]
[themejunction.net/html/gerold/demo/assets/img/icons/service-6-icon3.svg]
[themejunction.net/html/gerold/demo/assets/img/icons/star-6.svg]
[themejunction.net/html/gerold/demo/assets/img/hero/hero-7-bg.svg]
[themejunction.net/html/gerold/demo/assets/img/icons/service-7-icon1.svg]
[themejunction.net/html/gerold/demo/assets/img/icons/service-7-icon2.svg]
[themejunction.net/html/gerold/demo/assets/img/icons/service-7-icon3.svg]
[themejunction.net/html/gerold/demo/assets/img/icons/progress-7-icon1.svg]
[themejunction.net/html/gerold/demo/assets/img/icons/progress-7-icon2.svg]
[themejunction.net/html/gerold/demo/assets/img/icons/progress-7-icon3.svg]
[themejunction.net/html/gerold/demo/assets/img/icons/progress-7-icon4.svg]
[themejunction.net/html/gerold/demo/assets/js/masonry.min.js]
[themejunction.net/html/gerold/demo/assets/css/venobox.min.css]
[themejunction.net/html/gerold/demo/assets/img/shapes/hero_8.svg]
[themejunction.net/html/gerold/demo/assets/js/sticky.min.js]
[themejunction.net/html/gerold/demo/GET.133.delayed]
[themejunction.net/html/gerold/demo/assets/js/venobox.min.js]
[themejunction.net/html/gerold/demo/assets/img/icons/hero-9-pointer.svg]
[themejunction.net/html/gerold/demo/assets/img/icons/progess-9-icon1.svg]
[themejunction.net/html/gerold/demo/assets/img/icons/progess-9-icon2.svg]
[themejunction.net/html/gerold/demo/assets/img/icons/progess-9-icon3.svg]
[themejunction.net/html/gerold/demo/assets/img/icons/progess-9-icon4.svg]
[themejunction.net/html/gerold/demo/assets/img/icons/services-10-icons-1.svg]
[themejunction.net/html/gerold/demo/assets/img/icons/services-10-icons-2.svg]
[themejunction.net/html/gerold/demo/assets/img/icons/services-10-icons-3.svg]
[themejunction.net/html/gerold/demo/about-light.html]
[themejunction.net/html/gerold/demo/services-light.html]
[themejunction.net/html/gerold/demo/portfolio-light.html]
[themejunction.net/html/gerold/demo/blog-light.html]
[themejunction.net/html/gerold/demo/blog-details-light.html]
[themejunction.net/html/gerold/demo/contact-light.html]
[themejunction.net/html/gerold/demo/assets/css/gerold-light-core.css]
[themejunction.net/html/gerold/demo/assets/img/shapes/light-shapes.svg]
[themejunction.net/html/gerold/demo/assets/img/icons/js.svg]
[themejunction.net/html/gerold/demo/${l}.html]
[themejunction.net/html/gerold/demo/e.html]
[themejunction.net/html/gerold/demo/t.params.html]
[themejunction.net/html/gerold/demo/assets/img/hero/hero-4-line-shape.svg]
[themejunction.net/html/gerold/demo/assets/img/shapes/hero8-shapes.svg]
[themejunction.net/html/gerold/demo/assets/img/hero/hero-9-play-bg.svg]
[themejunction.net/html/gerold/demo/assets/img/hero/hero-9-play-bg-2.svg]
[themejunction.net/html/gerold/demo/assets/js/sticky.min.js]
[themejunction.net/html/gerold/demo/GET.html]
[themejunction.net/html/gerold/demo/assets/img/hero/hero-9-play-bg-3.svg]
[themejunction.net/html/gerold/demo/assets/img/hero/hero-9-play-bg-3.svg]
